<html>
<body>
<pre>
<h1>礦ision Build Log</h1>
<h2>Project:</h2>
F:\嵌入式系统资料\电子表\USER\TEST.uvproj
Project File Date:  06/03/2019

<h2>Output:</h2>
Build target 'Target 1'
assembling STM32F10x.s...
compiling test.c...
compiling delay.c...
compiling sys.c...
compiling usart.c...
compiling led.c...
compiling key.c...
compiling exti.c...
compiling timer.c...
compiling rtc.c...
compiling bz.c...
..\HARDWARE\bz\bz.c(34): warning:  #1-D: last line of file ends without a newline
..\HARDWARE\bz\bz.c:     
..\HARDWARE\bz\bz.c:     ^
..\HARDWARE\bz\bz.c: ..\HARDWARE\bz\bz.c: 1 warning, 0 errors
compiling adc.c...
linking...
Program Size: Code=8286 RO-data=350 RW-data=92 ZI-data=684  
FromELF: creating hex file...
"..\temp\TEST.axf" - 0 Error(s), 1 Warning(s).
